{:entries 2,
 :version "2",
 :files ({:length 1,
 :title "METAL ONLY - www.metal-only.de - 24h Black Death Heavy Metal Rock und mehr!",
 :url "http://metal-only.blitz-stream.de"}
)}

