{:entries 1,
 :version "2",
 :files ({:url "http://main-high.rautemusik.fm",
 :length -1,
 :title "#Musik.Main"}
)}

